Nov 27 05:48:30 ubuntu devstack@g-api.service[118815]: [pid: 118815|app: 0|req: 25/48] 127.0.0.1 () {42 vars in 1055 bytes} [Wed Nov 27 05:48:30 2024] GET /v2/images/5d286790-4f01-487b-ac7a-f4a574c55bb6/file => generated 1024 bytes in 25 msecs (HTTP/1.1 200) 5 headers in 213 bytes (1 switches on core 0)
Nov 27 05:48:30 ubuntu devstack@g-api.service[118814]: DEBUG glance.api.middleware.version_negotiation [None req-0c1cad83-d273-42e7-9cc7-baa1a90679e4 tempest-ImageDependencyTests-1693562675 tempest-ImageDependencyTests-1693562675-project-member] Using url versioning {{(pid=118814) process_request /opt/stack/glance/glance/api/middleware/version_negotiation.py:57}}
Nov 27 05:48:30 ubuntu devstack@g-api.service[118814]: DEBUG glance.api.middleware.version_negotiation [None req-0c1cad83-d273-42e7-9cc7-baa1a90679e4 tempest-ImageDependencyTests-1693562675 tempest-ImageDependencyTests-1693562675-project-member] Matched version: v2 {{(pid=118814) process_request /opt/stack/glance/glance/api/middleware/version_negotiation.py:69}}
Nov 27 05:48:30 ubuntu devstack@g-api.service[118814]: DEBUG glance.api.middleware.version_negotiation [None req-0c1cad83-d273-42e7-9cc7-baa1a90679e4 tempest-ImageDependencyTests-1693562675 tempest-ImageDependencyTests-1693562675-project-member] new path /v2/images/5d286790-4f01-487b-ac7a-f4a574c55bb6 {{(pid=118814) process_request /opt/stack/glance/glance/api/middleware/version_negotiation.py:70}}
Nov 27 05:48:30 ubuntu devstack@g-api.service[118814]: [pid: 118814|app: 0|req: 24/49] 127.0.0.1 () {42 vars in 1045 bytes} [Wed Nov 27 05:48:30 2024] GET /v2/images/5d286790-4f01-487b-ac7a-f4a574c55bb6 => generated 807 bytes in 10 msecs (HTTP/1.1 200) 4 headers in 157 bytes (1 switches on core 0)
Nov 27 05:48:30 ubuntu devstack@g-api.service[118815]: DEBUG glance.api.middleware.version_negotiation [None req-0c1cad83-d273-42e7-9cc7-baa1a90679e4 tempest-ImageDependencyTests-1693562675 tempest-ImageDependencyTests-1693562675-project-member] Determining version of request: GET /v2/schemas/image Accept: */* {{(pid=118815) process_request /opt/stack/glance/glance/api/middleware/version_negotiation.py:44}}
Nov 27 05:48:30 ubuntu devstack@g-api.service[118815]: DEBUG glance.api.middleware.version_negotiation [None req-0c1cad83-d273-42e7-9cc7-baa1a90679e4 tempest-ImageDependencyTests-1693562675 tempest-ImageDependencyTests-1693562675-project-member] Using url versioning {{(pid=118815) process_request /opt/stack/glance/glance/api/middleware/version_negotiation.py:57}}
Nov 27 05:48:30 ubuntu devstack@g-api.service[118815]: DEBUG glance.api.middleware.version_negotiation [None req-0c1cad83-d273-42e7-9cc7-baa1a90679e4 tempest-ImageDependencyTests-1693562675 tempest-ImageDependencyTests-1693562675-project-member] Matched version: v2 {{(pid=118815) process_request /opt/stack/glance/glance/api/middleware/version_negotiation.py:69}}
Nov 27 05:48:30 ubuntu devstack@g-api.service[118815]: DEBUG glance.api.middleware.version_negotiation [None req-0c1cad83-d273-42e7-9cc7-baa1a90679e4 tempest-ImageDependencyTests-1693562675 tempest-ImageDependencyTests-1693562675-project-member] new path /v2/schemas/image {{(pid=118815) process_request /opt/stack/glance/glance/api/middleware/version_negotiation.py:70}}
Nov 27 05:48:30 ubuntu devstack@g-api.service[118815]: [pid: 118815|app: 0|req: 26/50] 127.0.0.1 () {42 vars in 985 bytes} [Wed Nov 27 05:48:30 2024] GET /v2/schemas/image => generated 6083 bytes in 3 msecs (HTTP/1.1 200) 4 headers in 158 bytes (1 switches on core 0)
Nov 27 05:48:31 ubuntu devstack@g-api.service[118814]: DEBUG glance.api.middleware.version_negotiation [None req-0c1cad83-d273-42e7-9cc7-baa1a90679e4 tempest-ImageDependencyTests-1693562675 tempest-ImageDependencyTests-1693562675-project-member] Determining version of request: GET /v2/images/5d286790-4f01-487b-ac7a-f4a574c55bb6 Accept: */* {{(pid=118814) process_request /opt/stack/glance/glance/api/middleware/version_negotiation.py:44}}
Nov 27 05:48:31 ubuntu devstack@g-api.service[118814]: DEBUG glance.api.middleware.version_negotiation [None req-0c1cad83-d273-42e7-9cc7-baa1a90679e4 tempest-ImageDependencyTests-1693562675 tempest-ImageDependencyTests-1693562675-project-member] Using url versioning {{(pid=118814) process_request /opt/stack/glance/glance/api/middleware/version_negotiation.py:57}}
Nov 27 05:48:31 ubuntu devstack@g-api.service[118814]: DEBUG glance.api.middleware.version_negotiation [None req-0c1cad83-d273-42e7-9cc7-baa1a90679e4 tempest-ImageDependencyTests-1693562675 tempest-ImageDependencyTests-1693562675-project-member] Matched version: v2 {{(pid=118814) process_request /opt/stack/glance/glance/api/middleware/version_negotiation.py:69}}
Nov 27 05:48:31 ubuntu devstack@g-api.service[118814]: DEBUG glance.api.middleware.version_negotiation [None req-0c1cad83-d273-42e7-9cc7-baa1a90679e4 tempest-ImageDependencyTests-1693562675 tempest-ImageDependencyTests-1693562675-project-member] new path /v2/images/5d286790-4f01-487b-ac7a-f4a574c55bb6 {{(pid=118814) process_request /opt/stack/glance/glance/api/middleware/version_negotiation.py:70}}
Nov 27 05:48:31 ubuntu devstack@g-api.service[118814]: [pid: 118814|app: 0|req: 25/51] 127.0.0.1 () {42 vars in 1045 bytes} [Wed Nov 27 05:48:31 2024] GET /v2/images/5d286790-4f01-487b-ac7a-f4a574c55bb6 => generated 807 bytes in 11 msecs (HTTP/1.1 200) 4 headers in 157 bytes (1 switches on core 0)
Nov 27 05:48:31 ubuntu devstack@g-api.service[118815]: DEBUG glance.api.middleware.version_negotiation [None req-0c1cad83-d273-42e7-9cc7-baa1a90679e4 tempest-ImageDependencyTests-1693562675 tempest-ImageDependencyTests-1693562675-project-member] Determining version of request: GET /v2/schemas/image Accept: */* {{(pid=118815) process_request /opt/stack/glance/glance/api/middleware/version_negotiation.py:44}}
Nov 27 05:48:31 ubuntu devstack@g-api.service[118815]: DEBUG glance.api.middleware.version_negotiation [None req-0c1cad83-d273-42e7-9cc7-baa1a90679e4 tempest-ImageDependencyTests-1693562675 tempest-ImageDependencyTests-1693562675-project-member] Using url versioning {{(pid=118815) process_request /opt/stack/glance/glance/api/middleware/version_negotiation.py:57}}
Nov 27 05:48:31 ubuntu devstack@g-api.service[118815]: DEBUG glance.api.middleware.version_negotiation [None req-0c1cad83-d273-42e7-9cc7-baa1a90679e4 tempest-ImageDependencyTests-1693562675 tempest-ImageDependencyTests-1693562675-project-member] Matched version: v2 {{(pid=118815) process_request /opt/stack/glance/glance/api/middleware/version_negotiation.py:69}}
Nov 27 05:48:31 ubuntu devstack@g-api.service[118815]: DEBUG glance.api.middleware.version_negotiation [None req-0c1cad83-d273-42e7-9cc7-baa1a90679e4 tempest-ImageDependencyTests-1693562675 tempest-ImageDependencyTests-1693562675-project-member] new path /v2/schemas/image {{(pid=118815) process_request /opt/stack/glance/glance/api/middleware/version_negotiation.py:70}}
Nov 27 05:48:31 ubuntu devstack@g-api.service[118815]: [pid: 118815|app: 0|req: 27/52] 127.0.0.1 () {42 vars in 985 bytes} [Wed Nov 27 05:48:31 2024] GET /v2/schemas/image => generated 6083 bytes in 5 msecs (HTTP/1.1 200) 4 headers in 158 bytes (1 switches on core 0)
Nov 27 05:48:31 ubuntu devstack@g-api.service[118814]: DEBUG glance.api.middleware.version_negotiation [None req-0c1cad83-d273-42e7-9cc7-baa1a90679e4 tempest-ImageDependencyTests-1693562675 tempest-ImageDependencyTests-1693562675-project-member] Determining version of request: GET /v2/images/5d286790-4f01-487b-ac7a-f4a574c55bb6 Accept: */* {{(pid=118814) process_request /opt/stack/glance/glance/api/middleware/version_negotiation.py:44}}
Nov 27 05:48:31 ubuntu devstack@g-api.service[118814]: DEBUG glance.api.middleware.version_negotiation [None req-0c1cad83-d273-42e7-9cc7-baa1a90679e4 tempest-ImageDependencyTests-1693562675 tempest-ImageDependencyTests-1693562675-project-member] Using url versioning {{(pid=118814) process_request /opt/stack/glance/glance/api/middleware/version_negotiation.py:57}}
Nov 27 05:48:31 ubuntu devstack@g-api.service[118814]: DEBUG glance.api.middleware.version_negotiation [None req-0c1cad83-d273-42e7-9cc7-baa1a90679e4 tempest-ImageDependencyTests-1693562675 tempest-ImageDependencyTests-1693562675-project-member] Matched version: v2 {{(pid=118814) process_request /opt/stack/glance/glance/api/middleware/version_negotiation.py:69}}
Nov 27 05:48:31 ubuntu devstack@g-api.service[118814]: DEBUG glance.api.middleware.version_negotiation [None req-0c1cad83-d273-42e7-9cc7-baa1a90679e4 tempest-ImageDependencyTests-1693562675 tempest-ImageDependencyTests-1693562675-project-member] new path /v2/images/5d286790-4f01-487b-ac7a-f4a574c55bb6 {{(pid=118814) process_request /opt/stack/glance/glance/api/middleware/version_negotiation.py:70}}
Nov 27 05:48:31 ubuntu devstack@g-api.service[118814]: [pid: 118814|app: 0|req: 26/53] 127.0.0.1 () {42 vars in 1045 bytes} [Wed Nov 27 05:48:31 2024] GET /v2/images/5d286790-4f01-487b-ac7a-f4a574c55bb6 => generated 807 bytes in 9 msecs (HTTP/1.1 200) 4 headers in 157 bytes (1 switches on core 0)
Nov 27 05:48:31 ubuntu devstack@g-api.service[118815]: DEBUG glance.api.middleware.version_negotiation [None req-0c1cad83-d273-42e7-9cc7-baa1a90679e4 tempest-ImageDependencyTests-1693562675 tempest-ImageDependencyTests-1693562675-project-member] Determining version of request: GET /v2/schemas/image Accept: */* {{(pid=118815) process_request /opt/stack/glance/glance/api/middleware/version_negotiation.py:44}}
Nov 27 05:48:31 ubuntu devstack@g-api.service[118815]: DEBUG glance.api.middleware.version_negotiation [None req-0c1cad83-d273-42e7-9cc7-baa1a90679e4 tempest-ImageDependencyTests-1693562675 tempest-ImageDependencyTests-1693562675-project-member] Using url versioning {{(pid=118815) process_request /opt/stack/glance/glance/api/middleware/version_negotiation.py:57}}
Nov 27 05:48:31 ubuntu devstack@g-api.service[118815]: DEBUG glance.api.middleware.version_negotiation [None req-0c1cad83-d273-42e7-9cc7-baa1a90679e4 tempest-ImageDependencyTests-1693562675 tempest-ImageDependencyTests-1693562675-project-member] Matched version: v2 {{(pid=118815) process_request /opt/stack/glance/glance/api/middleware/version_negotiation.py:69}}
Nov 27 05:48:31 ubuntu devstack@g-api.service[118815]: DEBUG glance.api.middleware.version_negotiation [None req-0c1cad83-d273-42e7-9cc7-baa1a90679e4 tempest-ImageDependencyTests-1693562675 tempest-ImageDependencyTests-1693562675-project-member] new path /v2/schemas/image {{(pid=118815) process_request /opt/stack/glance/glance/api/middleware/version_negotiation.py:70}}
Nov 27 05:48:31 ubuntu devstack@g-api.service[118815]: [pid: 118815|app: 0|req: 28/54] 127.0.0.1 () {42 vars in 985 bytes} [Wed Nov 27 05:48:31 2024] GET /v2/schemas/image => generated 6083 bytes in 6 msecs (HTTP/1.1 200) 4 headers in 158 bytes (1 switches on core 0)
Nov 27 05:48:31 ubuntu devstack@g-api.service[118814]: DEBUG glance.api.middleware.version_negotiation [None req-0c1cad83-d273-42e7-9cc7-baa1a90679e4 tempest-ImageDependencyTests-1693562675 tempest-ImageDependencyTests-1693562675-project-member] Determining version of request: GET /v2/images/5d286790-4f01-487b-ac7a-f4a574c55bb6 Accept: */* {{(pid=118814) process_request /opt/stack/glance/glance/api/middleware/version_negotiation.py:44}}
Nov 27 05:48:31 ubuntu devstack@g-api.service[118814]: DEBUG glance.api.middleware.version_negotiation [None req-0c1cad83-d273-42e7-9cc7-baa1a90679e4 tempest-ImageDependencyTests-1693562675 tempest-ImageDependencyTests-1693562675-project-member] Using url versioning {{(pid=118814) process_request /opt/stack/glance/glance/api/middleware/version_negotiation.py:57}}
Nov 27 05:48:31 ubuntu devstack@g-api.service[118814]: DEBUG glance.api.middleware.version_negotiation [None req-0c1cad83-d273-42e7-9cc7-baa1a90679e4 tempest-ImageDependencyTests-1693562675 tempest-ImageDependencyTests-1693562675-project-member] Matched version: v2 {{(pid=118814) process_request /opt/stack/glance/glance/api/middleware/version_negotiation.py:69}}
Nov 27 05:48:31 ubuntu devstack@g-api.service[118814]: DEBUG glance.api.middleware.version_negotiation [None req-0c1cad83-d273-42e7-9cc7-baa1a90679e4 tempest-ImageDependencyTests-1693562675 tempest-ImageDependencyTests-1693562675-project-member] new path /v2/images/5d286790-4f01-487b-ac7a-f4a574c55bb6 {{(pid=118814) process_request /opt/stack/glance/glance/api/middleware/version_negotiation.py:70}}
Nov 27 05:48:31 ubuntu devstack@g-api.service[118814]: [pid: 118814|app: 0|req: 27/55] 127.0.0.1 () {42 vars in 1045 bytes} [Wed Nov 27 05:48:31 2024] GET /v2/images/5d286790-4f01-487b-ac7a-f4a574c55bb6 => generated 807 bytes in 7 msecs (HTTP/1.1 200) 4 headers in 157 bytes (1 switches on core 0)
Nov 27 05:48:31 ubuntu devstack@g-api.service[118815]: DEBUG glance.api.middleware.version_negotiation [None req-0c1cad83-d273-42e7-9cc7-baa1a90679e4 tempest-ImageDependencyTests-1693562675 tempest-ImageDependencyTests-1693562675-project-member] Determining version of request: GET /v2/schemas/image Accept: */* {{(pid=118815) process_request /opt/stack/glance/glance/api/middleware/version_negotiation.py:44}}
Nov 27 05:48:31 ubuntu devstack@g-api.service[118815]: DEBUG glance.api.middleware.version_negotiation [None req-0c1cad83-d273-42e7-9cc7-baa1a90679e4 tempest-ImageDependencyTests-1693562675 tempest-ImageDependencyTests-1693562675-project-member] Using url versioning {{(pid=118815) process_request /opt/stack/glance/glance/api/middleware/version_negotiation.py:57}}
Nov 27 05:48:31 ubuntu devstack@g-api.service[118815]: DEBUG glance.api.middleware.version_negotiation [None req-0c1cad83-d273-42e7-9cc7-baa1a90679e4 tempest-ImageDependencyTests-1693562675 tempest-ImageDependencyTests-1693562675-project-member] Matched version: v2 {{(pid=118815) process_request /opt/stack/glance/glance/api/middleware/version_negotiation.py:69}}
Nov 27 05:48:31 ubuntu devstack@g-api.service[118815]: DEBUG glance.api.middleware.version_negotiation [None req-0c1cad83-d273-42e7-9cc7-baa1a90679e4 tempest-ImageDependencyTests-1693562675 tempest-ImageDependencyTests-1693562675-project-member] new path /v2/schemas/image {{(pid=118815) process_request /opt/stack/glance/glance/api/middleware/version_negotiation.py:70}}
Nov 27 05:48:31 ubuntu devstack@g-api.service[118815]: [pid: 118815|app: 0|req: 29/56] 127.0.0.1 () {42 vars in 985 bytes} [Wed Nov 27 05:48:31 2024] GET /v2/schemas/image => generated 6083 bytes in 3 msecs (HTTP/1.1 200) 4 headers in 158 bytes (1 switches on core 0)
Nov 27 05:48:31 ubuntu devstack@g-api.service[118814]: DEBUG glance.api.middleware.version_negotiation [None req-0c1cad83-d273-42e7-9cc7-baa1a90679e4 tempest-ImageDependencyTests-1693562675 tempest-ImageDependencyTests-1693562675-project-member] Determining version of request: GET /v2/schemas/image Accept: */* {{(pid=118814) process_request /opt/stack/glance/glance/api/middleware/version_negotiation.py:44}}
Nov 27 05:48:31 ubuntu devstack@g-api.service[118814]: DEBUG glance.api.middleware.version_negotiation [None req-0c1cad83-d273-42e7-9cc7-baa1a90679e4 tempest-ImageDependencyTests-1693562675 tempest-ImageDependencyTests-1693562675-project-member] Using url versioning {{(pid=118814) process_request /opt/stack/glance/glance/api/middleware/version_negotiation.py:57}}
Nov 27 05:48:31 ubuntu devstack@g-api.service[118814]: DEBUG glance.api.middleware.version_negotiation [None req-0c1cad83-d273-42e7-9cc7-baa1a90679e4 tempest-ImageDependencyTests-1693562675 tempest-ImageDependencyTests-1693562675-project-member] Matched version: v2 {{(pid=118814) process_request /opt/stack/glance/glance/api/middleware/version_negotiation.py:69}}
Nov 27 05:48:31 ubuntu devstack@g-api.service[118814]: DEBUG glance.api.middleware.version_negotiation [None req-0c1cad83-d273-42e7-9cc7-baa1a90679e4 tempest-ImageDependencyTests-1693562675 tempest-ImageDependencyTests-1693562675-project-member] new path /v2/schemas/image {{(pid=118814) process_request /opt/stack/glance/glance/api/middleware/version_negotiation.py:70}}
Nov 27 05:48:31 ubuntu devstack@g-api.service[118814]: [pid: 118814|app: 0|req: 28/57] 127.0.0.1 () {42 vars in 985 bytes} [Wed Nov 27 05:48:31 2024] GET /v2/schemas/image => generated 6083 bytes in 2 msecs (HTTP/1.1 200) 4 headers in 158 bytes (1 switches on core 0)
Nov 27 05:48:31 ubuntu devstack@g-api.service[118815]: DEBUG glance.api.middleware.version_negotiation [None req-0c1cad83-d273-42e7-9cc7-baa1a90679e4 tempest-ImageDependencyTests-1693562675 tempest-ImageDependencyTests-1693562675-project-member] Determining version of request: GET /v2/images/5d286790-4f01-487b-ac7a-f4a574c55bb6 Accept: */* {{(pid=118815) process_request /opt/stack/glance/glance/api/middleware/version_negotiation.py:44}}
Nov 27 05:48:31 ubuntu devstack@g-api.service[118815]: DEBUG glance.api.middleware.version_negotiation [None req-0c1cad83-d273-42e7-9cc7-baa1a90679e4 tempest-ImageDependencyTests-1693562675 tempest-ImageDependencyTests-1693562675-project-member] Using url versioning {{(pid=118815) process_request /opt/stack/glance/glance/api/middleware/version_negotiation.py:57}}
Nov 27 05:48:31 ubuntu devstack@g-api.service[118815]: DEBUG glance.api.middleware.version_negotiation [None req-0c1cad83-d273-42e7-9cc7-baa1a90679e4 tempest-ImageDependencyTests-1693562675 tempest-ImageDependencyTests-1693562675-project-member] Matched version: v2 {{(pid=118815) process_request /opt/stack/glance/glance/api/middleware/version_negotiation.py:69}}
Nov 27 05:48:31 ubuntu devstack@g-api.service[118815]: DEBUG glance.api.middleware.version_negotiation [None req-0c1cad83-d273-42e7-9cc7-baa1a90679e4 tempest-ImageDependencyTests-1693562675 tempest-ImageDependencyTests-1693562675-project-member] new path /v2/images/5d286790-4f01-487b-ac7a-f4a574c55bb6 {{(pid=118815) process_request /opt/stack/glance/glance/api/middleware/version_negotiation.py:70}}
Nov 27 05:48:31 ubuntu devstack@g-api.service[118815]: [pid: 118815|app: 0|req: 30/58] 127.0.0.1 () {42 vars in 1045 bytes} [Wed Nov 27 05:48:31 2024] GET /v2/images/5d286790-4f01-487b-ac7a-f4a574c55bb6 => generated 807 bytes in 9 msecs (HTTP/1.1 200) 4 headers in 157 bytes (1 switches on core 0)
Nov 27 05:48:31 ubuntu devstack@g-api.service[118814]: DEBUG glance.api.middleware.version_negotiation [None req-0c1cad83-d273-42e7-9cc7-baa1a90679e4 tempest-ImageDependencyTests-1693562675 tempest-ImageDependencyTests-1693562675-project-member] Determining version of request: GET /v2/images/5d286790-4f01-487b-ac7a-f4a574c55bb6/file Accept: */* {{(pid=118814) process_request /opt/stack/glance/glance/api/middleware/version_negotiation.py:44}}
Nov 27 05:48:31 ubuntu devstack@g-api.service[118814]: DEBUG glance.api.middleware.version_negotiation [None req-0c1cad83-d273-42e7-9cc7-baa1a90679e4 tempest-ImageDependencyTests-1693562675 tempest-ImageDependencyTests-1693562675-project-member] Using url versioning {{(pid=118814) process_request /opt/stack/glance/glance/api/middleware/version_negotiation.py:57}}
Nov 27 05:48:31 ubuntu devstack@g-api.service[118814]: DEBUG glance.api.middleware.version_negotiation [None req-0c1cad83-d273-42e7-9cc7-baa1a90679e4 tempest-ImageDependencyTests-1693562675 tempest-ImageDependencyTests-1693562675-project-member] Matched version: v2 {{(pid=118814) process_request /opt/stack/glance/glance/api/middleware/version_negotiation.py:69}}
Nov 27 05:48:31 ubuntu devstack@g-api.service[118814]: DEBUG glance.api.middleware.version_negotiation [None req-0c1cad83-d273-42e7-9cc7-baa1a90679e4 tempest-ImageDependencyTests-1693562675 tempest-ImageDependencyTests-1693562675-project-member] new path /v2/images/5d286790-4f01-487b-ac7a-f4a574c55bb6/file {{(pid=118814) process_request /opt/stack/glance/glance/api/middleware/version_negotiation.py:70}}
Nov 27 05:48:31 ubuntu devstack@g-api.service[118814]: DEBUG glance.api.middleware.cache [None req-0c1cad83-d273-42e7-9cc7-baa1a90679e4 tempest-ImageDependencyTests-1693562675 tempest-ImageDependencyTests-1693562675-project-member] Cache hit for image '5d286790-4f01-487b-ac7a-f4a574c55bb6' {{(pid=118814) process_request /opt/stack/glance/glance/api/middleware/cache.py:160}}
Nov 27 05:48:31 ubuntu devstack@g-api.service[118815]: DEBUG glance.api.middleware.version_negotiation [None req-0c1cad83-d273-42e7-9cc7-baa1a90679e4 tempest-ImageDependencyTests-1693562675 tempest-ImageDependencyTests-1693562675-project-member] Determining version of request: GET /v2/images/5d286790-4f01-487b-ac7a-f4a574c55bb6 Accept: */* {{(pid=118815) process_request /opt/stack/glance/glance/api/middleware/version_negotiation.py:44}}
Nov 27 05:48:31 ubuntu devstack@g-api.service[118815]: DEBUG glance.api.middleware.version_negotiation [None req-0c1cad83-d273-42e7-9cc7-baa1a90679e4 tempest-ImageDependencyTests-1693562675 tempest-ImageDependencyTests-1693562675-project-member] Using url versioning {{(pid=118815) process_request /opt/stack/glance/glance/api/middleware/version_negotiation.py:57}}
Nov 27 05:48:31 ubuntu devstack@g-api.service[118815]: DEBUG glance.api.middleware.version_negotiation [None req-0c1cad83-d273-42e7-9cc7-baa1a90679e4 tempest-ImageDependencyTests-1693562675 tempest-ImageDependencyTests-1693562675-project-member] Matched version: v2 {{(pid=118815) process_request /opt/stack/glance/glance/api/middleware/version_negotiation.py:69}}
Nov 27 05:48:31 ubuntu devstack@g-api.service[118815]: DEBUG glance.api.middleware.version_negotiation [None req-0c1cad83-d273-42e7-9cc7-baa1a90679e4 tempest-ImageDependencyTests-1693562675 tempest-ImageDependencyTests-1693562675-project-member] new path /v2/images/5d286790-4f01-487b-ac7a-f4a574c55bb6 {{(pid=118815) process_request /opt/stack/glance/glance/api/middleware/version_negotiation.py:70}}
Nov 27 05:48:31 ubuntu devstack@g-api.service[118815]: [pid: 118815|app: 0|req: 31/59] 127.0.0.1 () {42 vars in 1045 bytes} [Wed Nov 27 05:48:31 2024] GET /v2/images/5d286790-4f01-487b-ac7a-f4a574c55bb6 => generated 807 bytes in 8 msecs (HTTP/1.1 200) 4 headers in 157 bytes (1 switches on core 0)
Nov 27 05:48:31 ubuntu devstack@g-api.service[118815]: DEBUG glance.api.middleware.version_negotiation [None req-0c1cad83-d273-42e7-9cc7-baa1a90679e4 tempest-ImageDependencyTests-1693562675 tempest-ImageDependencyTests-1693562675-project-member] Determining version of request: GET /v2/schemas/image Accept: */* {{(pid=118815) process_request /opt/stack/glance/glance/api/middleware/version_negotiation.py:44}}
Nov 27 05:48:31 ubuntu devstack@g-api.service[118815]: DEBUG glance.api.middleware.version_negotiation [None req-0c1cad83-d273-42e7-9cc7-baa1a90679e4 tempest-ImageDependencyTests-1693562675 tempest-ImageDependencyTests-1693562675-project-member] Using url versioning {{(pid=118815) process_request /opt/stack/glance/glance/api/middleware/version_negotiation.py:57}}
Nov 27 05:48:31 ubuntu devstack@g-api.service[118815]: DEBUG glance.api.middleware.version_negotiation [None req-0c1cad83-d273-42e7-9cc7-baa1a90679e4 tempest-ImageDependencyTests-1693562675 tempest-ImageDependencyTests-1693562675-project-member] Matched version: v2 {{(pid=118815) process_request /opt/stack/glance/glance/api/middleware/version_negotiation.py:69}}
Nov 27 05:48:31 ubuntu devstack@g-api.service[118815]: DEBUG glance.api.middleware.version_negotiation [None req-0c1cad83-d273-42e7-9cc7-baa1a90679e4 tempest-ImageDependencyTests-1693562675 tempest-ImageDependencyTests-1693562675-project-member] new path /v2/schemas/image {{(pid=118815) process_request /opt/stack/glance/glance/api/middleware/version_negotiation.py:70}}
Nov 27 05:48:31 ubuntu devstack@g-api.service[118814]: [pid: 118814|app: 0|req: 29/60] 127.0.0.1 () {42 vars in 1055 bytes} [Wed Nov 27 05:48:31 2024] GET /v2/images/5d286790-4f01-487b-ac7a-f4a574c55bb6/file => generated 1024 bytes in 28 msecs (HTTP/1.1 200) 5 headers in 213 bytes (1 switches on core 0)
Nov 27 05:48:31 ubuntu devstack@g-api.service[118815]: [pid: 118815|app: 0|req: 32/61] 127.0.0.1 () {42 vars in 985 bytes} [Wed Nov 27 05:48:31 2024] GET /v2/schemas/image => generated 6083 bytes in 5 msecs (HTTP/1.1 200) 4 headers in 158 bytes (1 switches on core 0)
Nov 27 05:48:32 ubuntu devstack@g-api.service[118814]: DEBUG glance.api.middleware.version_negotiation [None req-0c1cad83-d273-42e7-9cc7-baa1a90679e4 tempest-ImageDependencyTests-1693562675 tempest-ImageDependencyTests-1693562675-project-member] Determining version of request: GET /v2/images/5d286790-4f01-487b-ac7a-f4a574c55bb6 Accept: */* {{(pid=118814) process_request /opt/stack/glance/glance/api/middleware/version_negotiation.py:44}}
Nov 27 05:48:32 ubuntu devstack@g-api.service[118814]: DEBUG glance.api.middleware.version_negotiation [None req-0c1cad83-d273-42e7-9cc7-baa1a90679e4 tempest-ImageDependencyTests-1693562675 tempest-ImageDependencyTests-1693562675-project-member] Using url versioning {{(pid=118814) process_request /opt/stack/glance/glance/api/middleware/version_negotiation.py:57}}
Nov 27 05:48:32 ubuntu devstack@g-api.service[118814]: DEBUG glance.api.middleware.version_negotiation [None req-0c1cad83-d273-42e7-9cc7-baa1a90679e4 tempest-ImageDependencyTests-1693562675 tempest-ImageDependencyTests-1693562675-project-member] Matched version: v2 {{(pid=118814) process_request /opt/stack/glance/glance/api/middleware/version_negotiation.py:69}}
Nov 27 05:48:32 ubuntu devstack@g-api.service[118814]: DEBUG glance.api.middleware.version_negotiation [None req-0c1cad83-d273-42e7-9cc7-baa1a90679e4 tempest-ImageDependencyTests-1693562675 tempest-ImageDependencyTests-1693562675-project-member] new path /v2/images/5d286790-4f01-487b-ac7a-f4a574c55bb6 {{(pid=118814) process_request /opt/stack/glance/glance/api/middleware/version_negotiation.py:70}}
Nov 27 05:48:32 ubuntu devstack@g-api.service[118814]: [pid: 118814|app: 0|req: 30/62] 127.0.0.1 () {42 vars in 1045 bytes} [Wed Nov 27 05:48:32 2024] GET /v2/images/5d286790-4f01-487b-ac7a-f4a574c55bb6 => generated 807 bytes in 20 msecs (HTTP/1.1 200) 4 headers in 157 bytes (1 switches on core 0)
Nov 27 05:48:32 ubuntu devstack@g-api.service[118815]: DEBUG glance.api.middleware.version_negotiation [None req-0c1cad83-d273-42e7-9cc7-baa1a90679e4 tempest-ImageDependencyTests-1693562675 tempest-ImageDependencyTests-1693562675-project-member] Determining version of request: GET /v2/schemas/image Accept: */* {{(pid=118815) process_request /opt/stack/glance/glance/api/middleware/version_negotiation.py:44}}
Nov 27 05:48:32 ubuntu devstack@g-api.service[118815]: DEBUG glance.api.middleware.version_negotiation [None req-0c1cad83-d273-42e7-9cc7-baa1a90679e4 tempest-ImageDependencyTests-1693562675 tempest-ImageDependencyTests-1693562675-project-member] Using url versioning {{(pid=118815) process_request /opt/stack/glance/glance/api/middleware/version_negotiation.py:57}}
Nov 27 05:48:32 ubuntu devstack@g-api.service[118815]: DEBUG glance.api.middleware.version_negotiation [None req-0c1cad83-d273-42e7-9cc7-baa1a90679e4 tempest-ImageDependencyTests-1693562675 tempest-ImageDependencyTests-1693562675-project-member] Matched version: v2 {{(pid=118815) process_request /opt/stack/glance/glance/api/middleware/version_negotiation.py:69}}
Nov 27 05:48:32 ubuntu devstack@g-api.service[118815]: DEBUG glance.api.middleware.version_negotiation [None req-0c1cad83-d273-42e7-9cc7-baa1a90679e4 tempest-ImageDependencyTests-1693562675 tempest-ImageDependencyTests-1693562675-project-member] new path /v2/schemas/image {{(pid=118815) process_request /opt/stack/glance/glance/api/middleware/version_negotiation.py:70}}
Nov 27 05:48:32 ubuntu devstack@g-api.service[118815]: [pid: 118815|app: 0|req: 33/63] 127.0.0.1 () {42 vars in 985 bytes} [Wed Nov 27 05:48:32 2024] GET /v2/schemas/image => generated 6083 bytes in 5 msecs (HTTP/1.1 200) 4 headers in 158 bytes (1 switches on core 0)
Nov 27 05:48:32 ubuntu devstack@g-api.service[118814]: DEBUG glance.api.middleware.version_negotiation [None req-0c1cad83-d273-42e7-9cc7-baa1a90679e4 tempest-ImageDependencyTests-1693562675 tempest-ImageDependencyTests-1693562675-project-member] Determining version of request: DELETE /v2/images/5d286790-4f01-487b-ac7a-f4a574c55bb6 Accept: application/json {{(pid=118814) process_request /opt/stack/glance/glance/api/middleware/version_negotiation.py:44}}
Nov 27 05:48:32 ubuntu devstack@g-api.service[118814]: DEBUG glance.api.middleware.version_negotiation [None req-0c1cad83-d273-42e7-9cc7-baa1a90679e4 tempest-ImageDependencyTests-1693562675 tempest-ImageDependencyTests-1693562675-project-member] Using url versioning {{(pid=118814) process_request /opt/stack/glance/glance/api/middleware/version_negotiation.py:57}}
Nov 27 05:48:32 ubuntu devstack@g-api.service[118814]: DEBUG glance.api.middleware.version_negotiation [None req-0c1cad83-d273-42e7-9cc7-baa1a90679e4 tempest-ImageDependencyTests-1693562675 tempest-ImageDependencyTests-1693562675-project-member] Matched version: v2 {{(pid=118814) process_request /opt/stack/glance/glance/api/middleware/version_negotiation.py:69}}
Nov 27 05:48:32 ubuntu devstack@g-api.service[118814]: DEBUG glance.api.middleware.version_negotiation [None req-0c1cad83-d273-42e7-9cc7-baa1a90679e4 tempest-ImageDependencyTests-1693562675 tempest-ImageDependencyTests-1693562675-project-member] new path /v2/images/5d286790-4f01-487b-ac7a-f4a574c55bb6 {{(pid=118814) process_request /opt/stack/glance/glance/api/middleware/version_negotiation.py:70}}
Nov 27 05:48:32 ubuntu devstack@g-api.service[118814]: WARNING glance.api.v2.images [None req-53eb9d55-ea7e-442c-90ae-1ccae21b1126 tempest-ImageDependencyTests-1693562675 tempest-ImageDependencyTests-1693562675-project-member] After upload to backend, deletion of staged image data has failed because it cannot be found at /tmp/staging//5d286790-4f01-487b-ac7a-f4a574c55bb6
Nov 27 05:48:32 ubuntu devstack@g-api.service[118814]: DEBUG glance_store.backend [None req-53eb9d55-ea7e-442c-90ae-1ccae21b1126 tempest-ImageDependencyTests-1693562675 tempest-ImageDependencyTests-1693562675-project-member] Attempting to import store swift {{(pid=118814) _load_store /opt/stack/data/venv/lib/python3.10/site-packages/glance_store/backend.py:216}}
Nov 27 05:48:32 ubuntu devstack@g-api.service[118814]: DEBUG glance_store.capabilities [None req-53eb9d55-ea7e-442c-90ae-1ccae21b1126 tempest-ImageDependencyTests-1693562675 tempest-ImageDependencyTests-1693562675-project-member] Store glance_store._drivers.swift.store.SingleTenantStore doesn't support updating dynamic storage capabilities. Please overwrite 'update_capabilities' method of the store to implement updating logics if needed. {{(pid=118814) update_capabilities /opt/stack/data/venv/lib/python3.10/site-packages/glance_store/capabilities.py:91}}
Nov 27 05:48:32 ubuntu devstack@g-api.service[118814]: DEBUG glance_store.driver [None req-53eb9d55-ea7e-442c-90ae-1ccae21b1126 tempest-ImageDependencyTests-1693562675 tempest-ImageDependencyTests-1693562675-project-member] Late loading location class glance_store._drivers.swift.store.StoreLocation {{(pid=118814) get_store_location_class /opt/stack/data/venv/lib/python3.10/site-packages/glance_store/driver.py:133}}
Nov 27 05:48:32 ubuntu devstack@g-api.service[118814]: DEBUG glance_store.location [None req-53eb9d55-ea7e-442c-90ae-1ccae21b1126 tempest-ImageDependencyTests-1693562675 tempest-ImageDependencyTests-1693562675-project-member] Registering scheme swift+https with {'store': <glance_store._drivers.swift.store.SingleTenantStore object at 0x7f6ba7563100>, 'location_class': <class 'glance_store._drivers.swift.store.StoreLocation'>, 'store_entry': 'swift'} {{(pid=118814) register_scheme_map /opt/stack/data/venv/lib/python3.10/site-packages/glance_store/location.py:146}}
Nov 27 05:48:32 ubuntu devstack@g-api.service[118814]: DEBUG glance_store.location [None req-53eb9d55-ea7e-442c-90ae-1ccae21b1126 tempest-ImageDependencyTests-1693562675 tempest-ImageDependencyTests-1693562675-project-member] Registering scheme swift+https with {'store': <glance_store._drivers.swift.store.SingleTenantStore object at 0x7f6ba7563100>, 'location_class': <class 'glance_store._drivers.swift.store.StoreLocation'>, 'store_entry': 'swift'} {{(pid=118814) register_scheme_map /opt/stack/data/venv/lib/python3.10/site-packages/glance_store/location.py:146}}
Nov 27 05:48:32 ubuntu devstack@g-api.service[118814]: DEBUG glance_store.location [None req-53eb9d55-ea7e-442c-90ae-1ccae21b1126 tempest-ImageDependencyTests-1693562675 tempest-ImageDependencyTests-1693562675-project-member] Registering scheme swift with {'store': <glance_store._drivers.swift.store.SingleTenantStore object at 0x7f6ba7563100>, 'location_class': <class 'glance_store._drivers.swift.store.StoreLocation'>, 'store_entry': 'swift'} {{(pid=118814) register_scheme_map /opt/stack/data/venv/lib/python3.10/site-packages/glance_store/location.py:146}}
Nov 27 05:48:32 ubuntu devstack@g-api.service[118814]: DEBUG glance_store.location [None req-53eb9d55-ea7e-442c-90ae-1ccae21b1126 tempest-ImageDependencyTests-1693562675 tempest-ImageDependencyTests-1693562675-project-member] Registering scheme swift+https with {'store': <glance_store._drivers.swift.store.SingleTenantStore object at 0x7f6ba7563100>, 'location_class': <class 'glance_store._drivers.swift.store.StoreLocation'>, 'store_entry': 'swift'} {{(pid=118814) register_scheme_map /opt/stack/data/venv/lib/python3.10/site-packages/glance_store/location.py:146}}
Nov 27 05:48:32 ubuntu devstack@g-api.service[118814]: DEBUG glance_store.location [None req-53eb9d55-ea7e-442c-90ae-1ccae21b1126 tempest-ImageDependencyTests-1693562675 tempest-ImageDependencyTests-1693562675-project-member] Registering scheme swift with {'store': <glance_store._drivers.swift.store.SingleTenantStore object at 0x7f6ba7563100>, 'location_class': <class 'glance_store._drivers.swift.store.StoreLocation'>, 'store_entry': 'swift'} {{(pid=118814) register_scheme_map /opt/stack/data/venv/lib/python3.10/site-packages/glance_store/location.py:146}}
Nov 27 05:48:32 ubuntu devstack@g-api.service[118814]: DEBUG glance_store.location [None req-53eb9d55-ea7e-442c-90ae-1ccae21b1126 tempest-ImageDependencyTests-1693562675 tempest-ImageDependencyTests-1693562675-project-member] Registering scheme swift+http with {'store': <glance_store._drivers.swift.store.SingleTenantStore object at 0x7f6ba7563100>, 'location_class': <class 'glance_store._drivers.swift.store.StoreLocation'>, 'store_entry': 'swift'} {{(pid=118814) register_scheme_map /opt/stack/data/venv/lib/python3.10/site-packages/glance_store/location.py:146}}
Nov 27 05:48:32 ubuntu devstack@g-api.service[118814]: DEBUG glance_store.location [None req-53eb9d55-ea7e-442c-90ae-1ccae21b1126 tempest-ImageDependencyTests-1693562675 tempest-ImageDependencyTests-1693562675-project-member] Registering scheme swift+https with {'store': <glance_store._drivers.swift.store.SingleTenantStore object at 0x7f6ba7563100>, 'location_class': <class 'glance_store._drivers.swift.store.StoreLocation'>, 'store_entry': 'swift'} {{(pid=118814) register_scheme_map /opt/stack/data/venv/lib/python3.10/site-packages/glance_store/location.py:146}}
Nov 27 05:48:32 ubuntu devstack@g-api.service[118814]: DEBUG glance_store.location [None req-53eb9d55-ea7e-442c-90ae-1ccae21b1126 tempest-ImageDependencyTests-1693562675 tempest-ImageDependencyTests-1693562675-project-member] Registering scheme swift with {'store': <glance_store._drivers.swift.store.SingleTenantStore object at 0x7f6ba7563100>, 'location_class': <class 'glance_store._drivers.swift.store.StoreLocation'>, 'store_entry': 'swift'} {{(pid=118814) register_scheme_map /opt/stack/data/venv/lib/python3.10/site-packages/glance_store/location.py:146}}
Nov 27 05:48:32 ubuntu devstack@g-api.service[118814]: DEBUG glance_store.location [None req-53eb9d55-ea7e-442c-90ae-1ccae21b1126 tempest-ImageDependencyTests-1693562675 tempest-ImageDependencyTests-1693562675-project-member] Registering scheme swift+http with {'store': <glance_store._drivers.swift.store.SingleTenantStore object at 0x7f6ba7563100>, 'location_class': <class 'glance_store._drivers.swift.store.StoreLocation'>, 'store_entry': 'swift'} {{(pid=118814) register_scheme_map /opt/stack/data/venv/lib/python3.10/site-packages/glance_store/location.py:146}}
Nov 27 05:48:32 ubuntu devstack@g-api.service[118814]: DEBUG glance_store.location [None req-53eb9d55-ea7e-442c-90ae-1ccae21b1126 tempest-ImageDependencyTests-1693562675 tempest-ImageDependencyTests-1693562675-project-member] Registering scheme swift+config with {'store': <glance_store._drivers.swift.store.SingleTenantStore object at 0x7f6ba7563100>, 'location_class': <class 'glance_store._drivers.swift.store.StoreLocation'>, 'store_entry': 'swift'} {{(pid=118814) register_scheme_map /opt/stack/data/venv/lib/python3.10/site-packages/glance_store/location.py:146}}
Nov 27 05:48:32 ubuntu devstack@g-api.service[118814]: DEBUG keystoneclient.auth.identity.v3.base [None req-53eb9d55-ea7e-442c-90ae-1ccae21b1126 tempest-ImageDependencyTests-1693562675 tempest-ImageDependencyTests-1693562675-project-member] Making authentication request to http://10.201.5.82/identity/v3/auth/tokens {{(pid=118814) get_auth_ref /opt/stack/data/venv/lib/python3.10/site-packages/keystoneclient/auth/identity/v3/base.py:185}}
Nov 27 05:48:32 ubuntu devstack@g-api.service[118814]: DEBUG keystoneclient.auth.identity.v3.base [None req-53eb9d55-ea7e-442c-90ae-1ccae21b1126 tempest-ImageDependencyTests-1693562675 tempest-ImageDependencyTests-1693562675-project-member] {"token": {"methods": ["password"], "user": {"domain": {"id": "default", "name": "Default"}, "id": "ac79ff51c08d49e584b6021720da150d", "name": "glance-swift", "password_expires_at": null}, "audit_ids": ["uenHrwdqSAWr9klfGzqYGg"], "expires_at": "2024-11-27T06:48:32.000000Z", "issued_at": "2024-11-27T05:48:32.000000Z", "project": {"domain": {"id": "default", "name": "Default"}, "id": "6b97a00dcdba4716b27821c5d83e00c0", "name": "service"}, "is_domain": false, "roles": [{"id": "3967c7a9efbe455b8cbb5e37cf2316aa", "name": "ResellerAdmin"}, {"id": "0ad7956b050b447a9071067a87ba7166", "name": "service"}], "catalog": [{"endpoints": [{"id": "9d3a3333aa634ef9a2b6b9977da49599", "interface": "public", "region_id": "RegionOne", "url": "http://10.201.5.82/volume/v3", "region": "RegionOne"}], "id": "06815df8451d47268cd1b6cb21f2062c", "type": "block-storage", "name": "cinder"}, {"endpoints": [{"id": "d0995aae60394356b6fea416aa0d9537", "interface": "public", "region_id": "RegionOne", "url": "http://10.201.5.82/image", "region": "RegionOne"}], "id": "0be03ab96ef24d16b6218a96591cc928", "type": "image", "name": "glance"}, {"endpoints": [{"id": "810dae3d3388479fbdf215f4fda15bdc", "interface": "public", "region_id": "RegionOne", "url": "http://10.201.5.82/identity", "region": "RegionOne"}], "id": "1ecd8422251148258fe14147f29ef0c4", "type": "identity", "name": "keystone"}, {"endpoints": [{"id": "73fca668e976442588fce362f1993a48", "interface": "public", "region_id": "RegionOne", "url": "http://10.201.5.82/compute/v2.1", "region": "RegionOne"}], "id": "23b4c64e4e6c4d07b3a5074ee3593532", "type": "compute", "name": "nova"}, {"endpoints": [{"id": "4d80c14850414612ab09b3aeabc33076", "interface": "public", "region_id": "RegionOne", "url": "http://10.201.5.82/compute/v2/6b97a00dcdba4716b27821c5d83e00c0", "region": "RegionOne"}], "id": "32d2791bfa3741a9b66bab774eb20571", "type": "compute_legacy", "name": "nova_legacy"}, {"endpoints": [{"id": "835f23e5b3e84d0b902bf6edf611fc75", "interface": "public", "region_id": "RegionOne", "url": "http://10.201.5.82:9696/networking", "region": "RegionOne"}], "id": "568b434dc89a404789e7730e84aee621", "type": "network", "name": "neutron"}, {"endpoints": [{"id": "a3c2f58b013f4f2ba7a11e91eebb1e39", "interface": "public", "region_id": "RegionOne", "url": "http://10.201.5.82/placement", "region": "RegionOne"}], "id": "8cb3b84c9def47229588f0db2dead22f", "type": "placement", "name": "placement"}, {"endpoints": [{"id": "282687b754f84ea4b57be598c873d54e", "interface": "public", "region_id": "RegionOne", "url": "http://10.201.5.82:8080/v1/AUTH_6b97a00dcdba4716b27821c5d83e00c0", "region": "RegionOne"}, {"id": "8f9cae38a5194ee89872e472a89204ba", "interface": "admin", "region_id": "RegionOne", "url": "http://10.201.5.82:8080", "region": "RegionOne"}], "id": "b2642deda2e04262b5d7b0978c143eb0", "type": "object-store", "name": "swift"}]}} {{(pid=118814) get_auth_ref /opt/stack/data/venv/lib/python3.10/site-packages/keystoneclient/auth/identity/v3/base.py:190}}
Nov 27 05:48:32 ubuntu devstack@g-api.service[118814]: DEBUG keystoneclient.httpclient [None req-53eb9d55-ea7e-442c-90ae-1ccae21b1126 tempest-ImageDependencyTests-1693562675 tempest-ImageDependencyTests-1693562675-project-member] Failed to find endpoint for management url admin endpoint for identity service not found {{(pid=118814) _process_management_url /opt/stack/data/venv/lib/python3.10/site-packages/keystoneclient/httpclient.py:670}}
Nov 27 05:48:32 ubuntu devstack@g-api.service[118814]: DEBUG swiftclient [None req-53eb9d55-ea7e-442c-90ae-1ccae21b1126 tempest-ImageDependencyTests-1693562675 tempest-ImageDependencyTests-1693562675-project-member] REQ: curl -i http://10.201.5.82:8080/v1/AUTH_6b97a00dcdba4716b27821c5d83e00c0/glance/5d286790-4f01-487b-ac7a-f4a574c55bb6 -I -H "X-Auth-Token: gAAAAABnRrKwH5FN..." {{(pid=118814) http_log /opt/stack/data/venv/lib/python3.10/site-packages/swiftclient/client.py:160}}
Nov 27 05:48:32 ubuntu devstack@g-api.service[118814]: DEBUG swiftclient [None req-53eb9d55-ea7e-442c-90ae-1ccae21b1126 tempest-ImageDependencyTests-1693562675 tempest-ImageDependencyTests-1693562675-project-member] RESP STATUS: 200 OK {{(pid=118814) http_log /opt/stack/data/venv/lib/python3.10/site-packages/swiftclient/client.py:161}}
Nov 27 05:48:32 ubuntu devstack@g-api.service[118814]: DEBUG swiftclient [None req-53eb9d55-ea7e-442c-90ae-1ccae21b1126 tempest-ImageDependencyTests-1693562675 tempest-ImageDependencyTests-1693562675-project-member] RESP HEADERS: {'Content-Type': 'application/octet-stream', 'Content-Length': '1024', 'Etag': 'd6050c77afe1491f69744f569bb7f739', 'Last-Modified': 'Wed, 27 Nov 2024 05:48:27 GMT', 'X-Timestamp': '1732686506.78427', 'Accept-Ranges': 'bytes', 'X-Trans-Id': 'tx2ad26aaf90f04de890df2-006746b2b0', 'X-Openstack-Request-Id': 'tx2ad26aaf90f04de890df2-006746b2b0', 'Date': 'Wed, 27 Nov 2024 05:48:32 GMT'} {{(pid=118814) http_log /opt/stack/data/venv/lib/python3.10/site-packages/swiftclient/client.py:162}}
Nov 27 05:48:32 ubuntu devstack@g-api.service[118814]: DEBUG swiftclient [None req-53eb9d55-ea7e-442c-90ae-1ccae21b1126 tempest-ImageDependencyTests-1693562675 tempest-ImageDependencyTests-1693562675-project-member] REQ: curl -i http://10.201.5.82:8080/v1/AUTH_6b97a00dcdba4716b27821c5d83e00c0/glance/5d286790-4f01-487b-ac7a-f4a574c55bb6 DELETE -H "X-Auth-Token: gAAAAABnRrKwH5FN..." {{(pid=118814) http_log /opt/stack/data/venv/lib/python3.10/site-packages/swiftclient/client.py:160}}
Nov 27 05:48:32 ubuntu devstack@g-api.service[118814]: DEBUG swiftclient [None req-53eb9d55-ea7e-442c-90ae-1ccae21b1126 tempest-ImageDependencyTests-1693562675 tempest-ImageDependencyTests-1693562675-project-member] RESP STATUS: 204 No Content {{(pid=118814) http_log /opt/stack/data/venv/lib/python3.10/site-packages/swiftclient/client.py:161}}
Nov 27 05:48:32 ubuntu devstack@g-api.service[118814]: DEBUG swiftclient [None req-53eb9d55-ea7e-442c-90ae-1ccae21b1126 tempest-ImageDependencyTests-1693562675 tempest-ImageDependencyTests-1693562675-project-member] RESP HEADERS: {'Content-Type': 'text/html; charset=UTF-8', 'Content-Length': '0', 'X-Trans-Id': 'tx608a2974c1df4a4984a2f-006746b2b0', 'X-Openstack-Request-Id': 'tx608a2974c1df4a4984a2f-006746b2b0', 'Date': 'Wed, 27 Nov 2024 05:48:32 GMT'} {{(pid=118814) http_log /opt/stack/data/venv/lib/python3.10/site-packages/swiftclient/client.py:162}}
Nov 27 05:48:32 ubuntu devstack@g-api.service[118814]: DEBUG glance.api.middleware.cache [None req-53eb9d55-ea7e-442c-90ae-1ccae21b1126 tempest-ImageDependencyTests-1693562675 tempest-ImageDependencyTests-1693562675-project-member] Removing image 5d286790-4f01-487b-ac7a-f4a574c55bb6 from cache {{(pid=118814) _process_DELETE_response /opt/stack/glance/glance/api/middleware/cache.py:264}}
Nov 27 05:48:32 ubuntu devstack@g-api.service[118814]: DEBUG glance.image_cache.drivers.centralized_db [None req-53eb9d55-ea7e-442c-90ae-1ccae21b1126 tempest-ImageDependencyTests-1693562675 tempest-ImageDependencyTests-1693562675-project-member] Deleting image cache file '/opt/stack/data/glance/cache/5d286790-4f01-487b-ac7a-f4a574c55bb6' {{(pid=118814) delete_cached_file /opt/stack/glance/glance/image_cache/drivers/centralized_db.py:387}}
Nov 27 05:48:32 ubuntu devstack@g-api.service[118814]: [pid: 118814|app: 0|req: 31/64] 127.0.0.1 () {38 vars in 773 bytes} [Wed Nov 27 05:48:32 2024] DELETE /v2/images/5d286790-4f01-487b-ac7a-f4a574c55bb6 => generated 0 bytes in 189 msecs (HTTP/1.1 204) 4 headers in 171 bytes (1 switches on core 0)
Nov 27 05:48:32 ubuntu devstack@g-api.service[118815]: DEBUG glance.api.middleware.version_negotiation [None req-0c1cad83-d273-42e7-9cc7-baa1a90679e4 tempest-ImageDependencyTests-1693562675 tempest-ImageDependencyTests-1693562675-project-member] Determining version of request: GET /v2/images/5d286790-4f01-487b-ac7a-f4a574c55bb6 Accept: application/json {{(pid=118815) process_request /opt/stack/glance/glance/api/middleware/version_negotiation.py:44}}
Nov 27 05:48:32 ubuntu devstack@g-api.service[118815]: DEBUG glance.api.middleware.version_negotiation [None req-0c1cad83-d273-42e7-9cc7-baa1a90679e4 tempest-ImageDependencyTests-1693562675 tempest-ImageDependencyTests-1693562675-project-member] Using url versioning {{(pid=118815) process_request /opt/stack/glance/glance/api/middleware/version_negotiation.py:57}}
Nov 27 05:48:32 ubuntu devstack@g-api.service[118815]: DEBUG glance.api.middleware.version_negotiation [None req-0c1cad83-d273-42e7-9cc7-baa1a90679e4 tempest-ImageDependencyTests-1693562675 tempest-ImageDependencyTests-1693562675-project-member] Matched version: v2 {{(pid=118815) process_request /opt/stack/glance/glance/api/middleware/version_negotiation.py:69}}
Nov 27 05:48:32 ubuntu devstack@g-api.service[118815]: DEBUG glance.api.middleware.version_negotiation [None req-0c1cad83-d273-42e7-9cc7-baa1a90679e4 tempest-ImageDependencyTests-1693562675 tempest-ImageDependencyTests-1693562675-project-member] new path /v2/images/5d286790-4f01-487b-ac7a-f4a574c55bb6 {{(pid=118815) process_request /opt/stack/glance/glance/api/middleware/version_negotiation.py:70}}
Nov 27 05:48:32 ubuntu devstack@g-api.service[118815]: DEBUG glance.db.sqlalchemy.api [None req-561c05aa-d26e-48c7-805d-a4b2930b133e tempest-ImageDependencyTests-1693562675 tempest-ImageDependencyTests-1693562675-project-member] No image found with ID 5d286790-4f01-487b-ac7a-f4a574c55bb6 {{(pid=118815) _image_get /opt/stack/glance/glance/db/sqlalchemy/api.py:309}}
Nov 27 05:48:32 ubuntu devstack@g-api.service[118815]: [pid: 118815|app: 0|req: 34/65] 127.0.0.1 () {38 vars in 770 bytes} [Wed Nov 27 05:48:32 2024] GET /v2/images/5d286790-4f01-487b-ac7a-f4a574c55bb6 => generated 139 bytes in 7 msecs (HTTP/1.1 404) 4 headers in 164 bytes (1 switches on core 0)
Nov 27 05:48:42 ubuntu devstack@g-api.service[118814]: DEBUG dbcounter [-] [118814] Writing DB stats glance:SELECT=43,glance:INSERT=2,glance:UPDATE=7,glance:DELETE=1 {{(pid=118814) stat_writer /opt/stack/data/venv/lib/python3.10/site-packages/dbcounter.py:115}}
Nov 27 05:48:42 ubuntu devstack@g-api.service[118815]: DEBUG dbcounter [-] [118815] Writing DB stats glance:SELECT=41,glance:UPDATE=3,glance:INSERT=1 {{(pid=118815) stat_writer /opt/stack/data/venv/lib/python3.10/site-packages/dbcounter.py:115}}
